// Vitest Snapshot v1

exports[`random 1`] = `4`;
